// Jest Snapshot v1, https://goo.gl/fbAQLP

exports[`renders default ui 1`] = `
<div
  className="full-size"
>
  <div
    className="background-image"
    style={
      Object {
        "backgroundImage": "url(background.png)",
      }
    }
  >
    <div
      className="outer"
    >
      <div
        className="inner"
      >
        <div
          className="heading-container"
        >
          <img
            className="heading-image"
            src="azurelogo.png"
          />
          <span
            className="heading-text"
          >
            Microsoft Azure
          </span>
        </div>
        <div
          className="heading-app-text"
        >
          Setup your Azure info
        </div>
        <form
          className="form-items"
          onSubmit={[Function]}
        >
          <div
            className="formitem-tenant"
          >
            <span>
              Select your Azure Tenant
            </span>
            <details
              className="SelectMenu__StyledSelectMenu-sc-12xd8o8-0 dxFRtv formitem-dropdown"
              onToggle={[Function]}
              open={false}
            >
              <summary
                className="ButtonBase-exshql-0 Button-sc-1cuu878-0 bdhCrA iJXmtE formitem-button"
              >
                <span
                  className="formitem-button-value"
                >
                  
                </span>
                <img
                  alt=""
                  className="formitem-dropdown-arrow"
                  src="downarrow.png"
                />
              </summary>
              <div
                className="SelectMenuModal__ModalWrapper-fv9zw3-1 dlCqxE"
                role="menu"
              >
                <div
                  className="SelectMenuModal__Modal-fv9zw3-0 eBmamO"
                  width="370px"
                >
                  <div
                    className="SelectMenuList-uflcju-0 erwbXU"
                  />
                </div>
              </div>
            </details>
          </div>
          <div
            className="formitem-subscription"
          >
            <span>
              Select your Azure Subscription
            </span>
            <details
              className="SelectMenu__StyledSelectMenu-sc-12xd8o8-0 dxFRtv formitem-dropdown"
              onToggle={[Function]}
              open={false}
            >
              <summary
                className="ButtonBase-exshql-0 Button-sc-1cuu878-0 bdhCrA iJXmtE formitem-button"
              >
                <span
                  className="formitem-button-value"
                >
                  Select Subscription
                </span>
                <img
                  alt=""
                  className="formitem-dropdown-arrow"
                  src="downarrow.png"
                />
              </summary>
              <div
                className="SelectMenuModal__ModalWrapper-fv9zw3-1 dlCqxE"
                role="menu"
              >
                <div
                  className="SelectMenuModal__Modal-fv9zw3-0 eBmamO"
                  width="370px"
                >
                  <form
                    className="SelectMenuFilter__StyledForm-k2jey9-0 SCYOx"
                  >
                    <span
                      className="TextInput__Wrapper-sc-156lfck-1 fUJJVy selectmenu-filter TextInput-wrapper"
                      height="18px"
                      width="100%"
                    >
                      <input
                        aria-label="Search for a subscription"
                        className="TextInput__Input-sc-156lfck-0 cjybCM"
                        onChange={[Function]}
                        placeholder="Search for a subscription"
                        type="text"
                        value=""
                      />
                    </span>
                  </form>
                  <div
                    className="SelectMenuList-uflcju-0 erwbXU"
                  />
                </div>
              </div>
            </details>
          </div>
          <div
            className="subscription-link"
          >
            <a
              className="link"
              href="https://go.microsoft.com/fwlink/?LinkID=266231"
              rel="noopener noreferrer"
              target="_blank"
            >
               
              Create subscription
            </a>
          </div>
          <div
            className="description-link"
          >
            Choosing save means that you agree to our
            <a
              className="link"
              href="https://portal.azure.com/#blade/Microsoft_Azure_Billing/SubscriptionsBlade"
              rel="noopener noreferrer"
              target="_blank"
            >
               
              Terms of Service
            </a>
            , 
            <a
              className="link bolt-link"
              href="https://go.microsoft.com/fwlink/?LinkID=264782"
              rel="noopener noreferrer"
              target="_blank"
            >
              Privacy Statement
            </a>
             and 
            <a
              className="link bolt-link"
              href="https://aka.ms/vstscodeofconduct"
              rel="noopener noreferrer"
              target="_blank"
            >
              Code of Conduct
            </a>
            .
          </div>
        </form>
      </div>
      <div
        className="save-button text-right"
      >
        <button
          aria-disabled="false"
          className="bolt-button"
          data-focuszone=""
          data-is-focusable="true"
          onClick={[Function]}
          type="submit"
        >
          <span
            className="bolt-button-text"
          >
            Save
          </span>
        </button>
      </div>
    </div>
  </div>
</div>
`;
