// Jest Snapshot v1, https://goo.gl/fbAQLP

exports[`renders tenants 1`] = `
<div
  className="formitem-tenant"
>
  <span>
    Select your Azure Tenant
  </span>
  <details
    className="SelectMenu__StyledSelectMenu-sc-12xd8o8-0 dxFRtv formitem-dropdown"
    onToggle={[Function]}
    open={false}
  >
    <summary
      className="ButtonBase-exshql-0 Button-sc-1cuu878-0 bdhCrA iJXmtE formitem-button"
    >
      <span
        className="formitem-button-value"
      >
        name
      </span>
      <img
        alt=""
        className="formitem-dropdown-arrow"
        src="downarrow.png"
      />
    </summary>
    <div
      className="SelectMenuModal__ModalWrapper-fv9zw3-1 dlCqxE"
      role="menu"
    >
      <div
        className="SelectMenuModal__Modal-fv9zw3-0 eBmamO"
        width="370px"
      >
        <div
          className="SelectMenuList-uflcju-0 erwbXU"
        />
      </div>
    </div>
  </details>
</div>
`;
